

================================================================
== Vivado HLS Report for 'sin_or_cos_double_s'
================================================================
* Date:           Sun Jul 15 14:57:58 2018

* Version:        2018.2 (Build 2258646 on Thu Jun 14 20:25:20 MDT 2018)
* Project:        svr-vivado-hls
* Solution:       solution1
* Product family: zynq
* Target device:  xc7z020clg484-1


================================================================
== Performance Estimates
================================================================
+ Timing (ns): 
    * Summary: 
    +--------+-------+----------+------------+
    |  Clock | Target| Estimated| Uncertainty|
    +--------+-------+----------+------------+
    |ap_clk  |  10.00|     8.625|        1.25|
    +--------+-------+----------+------------+

+ Latency (clock cycles): 
    * Summary: 
    +-----+-----+-----+-----+---------+
    |  Latency  |  Interval | Pipeline|
    | min | max | min | max |   Type  |
    +-----+-----+-----+-----+---------+
    |   43|   51|   43|   51|   none  |
    +-----+-----+-----+-----+---------+

    + Detail: 
        * Instance: 
        +------------------------------+-------------------+-----+-----+-----+-----+---------+
        |                              |                   |  Latency  |  Interval | Pipeline|
        |           Instance           |       Module      | min | max | min | max |   Type  |
        +------------------------------+-------------------+-----+-----+-----+-----+---------+
        |grp_scaled_fixed2ieee_fu_268  |scaled_fixed2ieee  |   19|   27|   19|   27|   none  |
        +------------------------------+-------------------+-----+-----+-----+-----+---------+

        * Loop: 
        N/A



================================================================
== Utilization Estimates
================================================================
* Summary: 
+-----------------+---------+-------+--------+-------+
|       Name      | BRAM_18K| DSP48E|   FF   |  LUT  |
+-----------------+---------+-------+--------+-------+
|DSP              |        -|      -|       -|      -|
|Expression       |        -|      4|      73|   2746|
|FIFO             |        -|      -|       -|      -|
|Instance         |        -|     82|    3016|   3032|
|Memory           |        8|      -|     213|    852|
|Multiplexer      |        -|      -|       -|    121|
|Register         |        -|      -|    1616|      -|
+-----------------+---------+-------+--------+-------+
|Total            |        8|     86|    4918|   6751|
+-----------------+---------+-------+--------+-------+
|Available        |      280|    220|  106400|  53200|
+-----------------+---------+-------+--------+-------+
|Utilization (%)  |        2|     39|       4|     12|
+-----------------+---------+-------+--------+-------+

+ Detail: 
    * Instance: 
    +------------------------------+----------------------+---------+-------+-----+------+
    |           Instance           |        Module        | BRAM_18K| DSP48E|  FF |  LUT |
    +------------------------------+----------------------+---------+-------+-----+------+
    |convert_mul_170nsibs_U6       |convert_mul_170nsibs  |        0|     16|  441|   256|
    |convert_mul_42ns_ncg_U13      |convert_mul_42ns_ncg  |        0|      5|  205|    88|
    |convert_mul_49ns_kbM_U8       |convert_mul_49ns_kbM  |        0|      9|  233|    85|
    |convert_mul_49ns_kbM_U9       |convert_mul_49ns_kbM  |        0|      9|  233|    85|
    |convert_mul_49ns_kbM_U10      |convert_mul_49ns_kbM  |        0|      9|  233|    85|
    |convert_mul_49ns_mb6_U12      |convert_mul_49ns_mb6  |        0|      9|  233|    85|
    |convert_mul_56ns_lbW_U11      |convert_mul_56ns_lbW  |        0|      9|  176|   219|
    |convert_mul_64s_6ocq_U14      |convert_mul_64s_6ocq  |        0|     16|  441|   256|
    |convert_mux_164_1pcA_U15      |convert_mux_164_1pcA  |        0|      0|    0|    65|
    |convert_mux_164_1pcA_U16      |convert_mux_164_1pcA  |        0|      0|    0|    65|
    |convert_mux_83_1_jbC_U7       |convert_mux_83_1_jbC  |        0|      0|    0|    65|
    |grp_scaled_fixed2ieee_fu_268  |scaled_fixed2ieee     |        0|      0|  821|  1678|
    +------------------------------+----------------------+---------+-------+-----+------+
    |Total                         |                      |        0|     82| 3016|  3032|
    +------------------------------+----------------------+---------+-------+-----+------+

    * DSP48: 
    N/A

    * Memory: 
    +-------------------------+----------------------+---------+----+-----+------+-----+------+-------------+
    |          Memory         |        Module        | BRAM_18K| FF | LUT | Words| Bits| Banks| W*Bits*Banks|
    +-------------------------+----------------------+---------+----+-----+------+-----+------+-------------+
    |ref_4oPi_table_256_V_U   |sin_or_cos_doublecud  |        8|   0|    0|    10|  256|     1|         2560|
    |fourth_order_double_4_U  |sin_or_cos_doubledEe  |        0|  59|  236|   256|   59|     1|        15104|
    |fourth_order_double_5_U  |sin_or_cos_doubleeOg  |        0|  52|  208|   256|   52|     1|        13312|
    |fourth_order_double_6_U  |sin_or_cos_doublefYi  |        0|  44|  176|   256|   44|     1|        11264|
    |fourth_order_double_7_U  |sin_or_cos_doubleg8j  |        0|  33|  132|   256|   33|     1|         8448|
    |fourth_order_double_s_U  |sin_or_cos_doublehbi  |        0|  25|  100|   256|   25|     1|         6400|
    +-------------------------+----------------------+---------+----+-----+------+-----+------+-------------+
    |Total                    |                      |        8| 213|  852|  1290|  469|     6|        57088|
    +-------------------------+----------------------+---------+----+-----+------+-----+------+-------------+

    * FIFO: 
    N/A

    * Expression: 
    +---------------------------------+----------+-------+----+-----+------------+------------+
    |          Variable Name          | Operation| DSP48E| FF | LUT | Bitwidth P0| Bitwidth P1|
    +---------------------------------+----------+-------+----+-----+------------+------------+
    |p_Val2_4_fu_762_p2               |     *    |      4|   0|   24|          35|          25|
    |expv_op_fu_306_p2                |     +    |      0|   0|   13|          11|          11|
    |p_Val2_21_fu_785_p2              |     +    |      0|   0|   64|          64|          64|
    |p_Val2_22_fu_794_p2              |     +    |      0|   0|   64|          64|          64|
    |p_Val2_23_fu_824_p2              |     +    |      0|   0|   64|          64|          64|
    |r_V_3_fu_832_p2                  |     +    |      0|   0|   64|          64|          64|
    |tmp_i_fu_472_p2                  |     +    |      0|   0|   13|          11|          11|
    |Ex_V_fu_505_p2                   |     -    |      0|   0|   13|          11|          11|
    |p_Val2_i_fu_413_p2               |     -    |      0|   0|  131|           1|         124|
    |r_V_fu_878_p2                    |     -    |      0|   0|   12|           1|          12|
    |tmp_24_i_fu_532_p2               |     -    |      0|   0|   12|           1|          12|
    |not_or_cond_demorgan_fu_1044_p2  |    and   |      0|   0|    2|           1|           1|
    |or_cond_fu_1000_p2               |    and   |      0|   0|    2|           1|           1|
    |p_Result_s_fu_1075_p2            |    and   |      0|   0|    2|           1|           1|
    |tmp_i3_i_fu_460_p3               |   cttz   |      0|  73|   71|          64|           0|
    |closepath_fu_300_p2              |   icmp   |      0|   0|   13|          11|          10|
    |tmp_6_fu_519_p2                  |   icmp   |      0|   0|   13|          11|           1|
    |tmp_7_fu_378_p2                  |   icmp   |      0|   0|   29|          52|           1|
    |tmp_8_fu_524_p2                  |   icmp   |      0|   0|   13|          11|           2|
    |tmp_26_i_fu_553_p2               |   lshr   |      0|   0|  180|          63|          63|
    |tmp_10_fu_1062_p2                |    or    |      0|   0|    2|           1|           1|
    |tmp_9_fu_1016_p2                 |    or    |      0|   0|    2|           1|           1|
    |Mx_V_read_assign_fu_838_p3       |  select  |      0|   0|   63|           1|           2|
    |addr_V_fu_312_p3                 |  select  |      0|   0|   11|           1|           7|
    |cos_basis_fu_815_p3              |  select  |      0|   0|    2|           1|           1|
    |p_Ex_V_ret_fu_857_p3             |  select  |      0|   0|   11|           1|           1|
    |p_Result_1_cast_fu_1054_p3       |  select  |      0|   0|    2|           1|           2|
    |p_Result_s_47_fu_1021_p3         |  select  |      0|   0|    2|           1|           1|
    |p_Result_s_48_fu_1029_p3         |  select  |      0|   0|   11|           1|           2|
    |p_Result_s_49_fu_1079_p3         |  select  |      0|   0|    2|           1|           1|
    |p_Val2_11_fu_418_p3              |  select  |      0|   0|  124|           1|         124|
    |p_Val2_14_fu_563_p3              |  select  |      0|   0|   63|           1|          63|
    |p_Val2_29_fu_403_p3              |  select  |      0|   0|    3|           1|           1|
    |p_cast_cast_fu_1004_p3           |  select  |      0|   0|   10|           1|          10|
    |ret_V_6_fu_1036_p3               |  select  |      0|   0|   11|           1|          11|
    |ret_V_7_fu_1067_p3               |  select  |      0|   0|   52|           1|          52|
    |sh_assign_fu_538_p3              |  select  |      0|   0|   12|           1|          12|
    |storemerge_i_fu_477_p3           |  select  |      0|   0|   11|           1|          11|
    |tmp_5_fu_993_p3                  |  select  |      0|   0|    2|           1|           1|
    |p_Val2_13_fu_487_p2              |    shl   |      0|   0|  411|         124|         124|
    |r_V_4_fu_342_p2                  |    shl   |      0|   0|  950|         256|         256|
    |tmp_27_i_fu_558_p2               |    shl   |      0|   0|  180|          63|          63|
    |not_do_cos_i_fu_624_p2           |    xor   |      0|   0|    2|           1|           2|
    |not_or_cond_fu_1048_p2           |    xor   |      0|   0|    2|           1|           2|
    |not_tmp_s_fu_1011_p2             |    xor   |      0|   0|    2|           1|           2|
    |sin_basis_fu_630_p2              |    xor   |      0|   0|    2|           1|           1|
    |tmp_s_fu_810_p2                  |    xor   |      0|   0|    2|           1|           2|
    +---------------------------------+----------+-------+----+-----+------------+------------+
    |Total                            |          |      4|  73| 2746|        1009|        1298|
    +---------------------------------+----------+-------+----+-----+------------+------------+

    * Multiplexer: 
    +-----------+-----+-----------+-----+-----------+
    |    Name   | LUT | Input Size| Bits| Total Bits|
    +-----------+-----+-----------+-----+-----------+
    |ap_NS_fsm  |  121|         26|    1|         26|
    +-----------+-----+-----------+-----+-----------+
    |Total      |  121|         26|    1|         26|
    +-----------+-----+-----------+-----+-----------+

    * Register: 
    +-------------------------------------------+-----+----+-----+-----------+
    |                    Name                   |  FF | LUT| Bits| Const Bits|
    +-------------------------------------------+-----+----+-----+-----------+
    |Ex_V_reg_1193                              |   11|   0|   11|          0|
    |Mx_V_reg_1186                              |   63|   0|   63|          0|
    |Mx_zeros_V_reg_1180                        |    6|   0|    6|          0|
    |OP1_V_reg_1246                             |   49|   0|   98|         49|
    |ap_CS_fsm                                  |   25|   0|   25|          0|
    |closepath_reg_1116                         |    1|   0|    1|          0|
    |cos_basis_reg_1393                         |    1|   0|    1|          0|
    |fourth_order_double_10_reg_1281            |   52|   0|   52|          0|
    |fourth_order_double_12_reg_1286            |   44|   0|   44|          0|
    |fourth_order_double_14_reg_1358            |   33|   0|   33|          0|
    |fourth_order_double_16_reg_1363            |   25|   0|   25|          0|
    |grp_scaled_fixed2ieee_fu_268_ap_start_reg  |    1|   0|    1|          0|
    |isNeg_reg_1199                             |    1|   0|    1|          0|
    |loc_V_1_reg_1110                           |   52|   0|   52|          0|
    |loc_V_reg_1103                             |   11|   0|   11|          0|
    |not_do_cos_i_reg_1253                      |    1|   0|    1|          0|
    |or_cond_reg_1425                           |    1|   0|    1|          0|
    |p_Result_19_reg_1097                       |    1|   0|    1|          0|
    |p_Result_i2_i_reg_1175                     |   61|   0|   61|          0|
    |p_Result_i_reg_1219                        |    7|   0|    7|          0|
    |p_Result_s_47_reg_1430                     |    1|   0|    1|          0|
    |p_Val2_11_reg_1170                         |  124|   0|  124|          0|
    |p_Val2_15_reg_1224                         |   56|   0|   56|          0|
    |p_Val2_19_reg_1343                         |   59|   0|   59|          0|
    |p_Val2_22_reg_1383                         |   64|   0|   64|          0|
    |p_Val2_29_reg_1164                         |    3|   0|    3|          0|
    |p_Val2_8_reg_1153                          |  124|   0|  124|          0|
    |r_V_3_reg_1400                             |   64|   0|   64|          0|
    |r_V_reg_1420                               |   12|   0|   12|          0|
    |result_V_reg_1415                          |   63|   0|   63|          0|
    |ret_V_6_reg_1435                           |   11|   0|   11|          0|
    |ret_V_7_reg_1440                           |   52|   0|   52|          0|
    |ret_V_reg_1132                             |  170|   0|  170|          0|
    |tmp_13_reg_1127                            |    7|   0|    7|          0|
    |tmp_18_i_reg_1159                          |    3|   0|    3|          0|
    |tmp_1_reg_1388                             |   37|   0|   37|          0|
    |tmp_2_reg_1378                             |   29|   0|   29|          0|
    |tmp_36_i_reg_1275                          |   49|   0|   49|          0|
    |tmp_38_i_reg_1333                          |   42|   0|   42|          0|
    |tmp_40_i_reg_1338                          |   35|   0|   35|          0|
    |tmp_41_i_reg_1258                          |    8|   0|   64|         56|
    |tmp_6_i_reg_1348                           |   56|   0|   56|          0|
    |tmp_6_reg_1205                             |    1|   0|    1|          0|
    |tmp_7_reg_1147                             |    1|   0|    1|          0|
    |tmp_8_i_reg_1353                           |   48|   0|   48|          0|
    |tmp_8_reg_1211                             |    1|   0|    1|          0|
    |tmp_i1_reg_1229                            |   49|   0|   49|          0|
    |tmp_reg_1240                               |    1|   0|    1|          0|
    +-------------------------------------------+-----+----+-----+-----------+
    |Total                                      | 1616|   0| 1721|        105|
    +-------------------------------------------+-----+----+-----+-----------+



================================================================
== Interface
================================================================
* Summary: 
+-----------+-----+-----+------------+--------------------+--------------+
| RTL Ports | Dir | Bits|  Protocol  |    Source Object   |    C Type    |
+-----------+-----+-----+------------+--------------------+--------------+
|ap_clk     |  in |    1| ap_ctrl_hs | sin_or_cos<double> | return value |
|ap_rst     |  in |    1| ap_ctrl_hs | sin_or_cos<double> | return value |
|ap_start   |  in |    1| ap_ctrl_hs | sin_or_cos<double> | return value |
|ap_done    | out |    1| ap_ctrl_hs | sin_or_cos<double> | return value |
|ap_idle    | out |    1| ap_ctrl_hs | sin_or_cos<double> | return value |
|ap_ready   | out |    1| ap_ctrl_hs | sin_or_cos<double> | return value |
|ap_return  | out |   64| ap_ctrl_hs | sin_or_cos<double> | return value |
|t_in       |  in |   64|   ap_none  |        t_in        |    scalar    |
|do_cos     |  in |    1|   ap_none  |       do_cos       |    scalar    |
+-----------+-----+-----+------------+--------------------+--------------+

